// Jest Snapshot v1, https://goo.gl/fbAQLP

exports[`expect to render RegistationPage page 1`] = `ShallowWrapper {}`;
