// Jest Snapshot v1, https://goo.gl/fbAQLP

exports[`MenuItem component should render 1`] = `ShallowWrapper {}`;
