// Jest Snapshot v1, https://goo.gl/fbAQLP

exports[`expect to render ShopPage page 1`] = `ReactWrapper {}`;
