// Jest Snapshot v1, https://goo.gl/fbAQLP

exports[`CollectionsList component should render 1`] = `ShallowWrapper {}`;
