// Jest Snapshot v1, https://goo.gl/fbAQLP

exports[`expect to render CollectionPage page 1`] = `ShallowWrapper {}`;
