// Jest Snapshot v1, https://goo.gl/fbAQLP

exports[`CartIcon component should render 1`] = `ShallowWrapper {}`;
