// Jest Snapshot v1, https://goo.gl/fbAQLP

exports[`expect to render HomePage page 1`] = `ShallowWrapper {}`;
