// Jest Snapshot v1, https://goo.gl/fbAQLP

exports[`expect to render CheckoutPage page 1`] = `ShallowWrapper {}`;
