// Jest Snapshot v1, https://goo.gl/fbAQLP

exports[`CartDropdown component should render 1`] = `ShallowWrapper {}`;
