// Jest Snapshot v1, https://goo.gl/fbAQLP

exports[`CartItem component should render 1`] = `ShallowWrapper {}`;
